[     300ms] [INFO] %cDownload the React DevTools for a better development experience: https://react.dev/link/react-devtools font-weight:bold @ http://localhost:3001/_next/static/chunks/node_modules_next_dist_115brz8._.js:2477
[     367ms] [LOG] [HMR] connected @ http://localhost:3001/_next/static/chunks/node_modules_next_dist_115brz8._.js:2477
[    1127ms] [ERROR] Loading the script 'https://unpkg.com/meta-capi-param-builder-clientjs/dist/clientParamBuilder.bundle.js' violates the following Content Security Policy directive: "script-src 'self' 'unsafe-inline' 'unsafe-eval' https://www.googletagmanager.com https://ssl.google-analytics.com https://connect.facebook.net". Note that 'script-src-elem' was not explicitly set, so 'script-src' is used as a fallback. The action has been blocked. @ https://www.googletagmanager.com/gtm.js?id=GTM-57NXLPZV:150
[   49059ms] [INFO] %cDownload the React DevTools for a better development experience: https://react.dev/link/react-devtools font-weight:bold @ http://localhost:3001/_next/static/chunks/node_modules_next_dist_115brz8._.js:2477
[   49102ms] [LOG] [HMR] connected @ http://localhost:3001/_next/static/chunks/node_modules_next_dist_115brz8._.js:2477
[   49176ms] [ERROR] Loading the script 'https://unpkg.com/meta-capi-param-builder-clientjs/dist/clientParamBuilder.bundle.js' violates the following Content Security Policy directive: "script-src 'self' 'unsafe-inline' 'unsafe-eval' https://www.googletagmanager.com https://ssl.google-analytics.com https://connect.facebook.net". Note that 'script-src-elem' was not explicitly set, so 'script-src' is used as a fallback. The action has been blocked. @ https://www.googletagmanager.com/gtm.js?id=GTM-57NXLPZV:150
[   75489ms] [INFO] %cDownload the React DevTools for a better development experience: https://react.dev/link/react-devtools font-weight:bold @ http://localhost:3001/_next/static/chunks/node_modules_next_dist_115brz8._.js:2477
[   75526ms] [LOG] [HMR] connected @ http://localhost:3001/_next/static/chunks/node_modules_next_dist_115brz8._.js:2477
[   75577ms] [ERROR] Loading the script 'https://unpkg.com/meta-capi-param-builder-clientjs/dist/clientParamBuilder.bundle.js' violates the following Content Security Policy directive: "script-src 'self' 'unsafe-inline' 'unsafe-eval' https://www.googletagmanager.com https://ssl.google-analytics.com https://connect.facebook.net". Note that 'script-src-elem' was not explicitly set, so 'script-src' is used as a fallback. The action has been blocked. @ https://www.googletagmanager.com/gtm.js?id=GTM-57NXLPZV:150
[  113417ms] [INFO] %cDownload the React DevTools for a better development experience: https://react.dev/link/react-devtools font-weight:bold @ http://localhost:3001/_next/static/chunks/node_modules_next_dist_115brz8._.js:2477
[  113464ms] [LOG] [HMR] connected @ http://localhost:3001/_next/static/chunks/node_modules_next_dist_115brz8._.js:2477
[  113554ms] [ERROR] Loading the script 'https://unpkg.com/meta-capi-param-builder-clientjs/dist/clientParamBuilder.bundle.js' violates the following Content Security Policy directive: "script-src 'self' 'unsafe-inline' 'unsafe-eval' https://www.googletagmanager.com https://ssl.google-analytics.com https://connect.facebook.net". Note that 'script-src-elem' was not explicitly set, so 'script-src' is used as a fallback. The action has been blocked. @ https://www.googletagmanager.com/gtm.js?id=GTM-57NXLPZV:150
[  439462ms] [LOG] [Fast Refresh] rebuilding @ http://localhost:3001/_next/static/chunks/node_modules_next_dist_115brz8._.js:2477
[  440380ms] [LOG] [Fast Refresh] done in 1026ms @ http://localhost:3001/_next/static/chunks/node_modules_next_dist_115brz8._.js:2477
[  479450ms] [LOG] [Fast Refresh] rebuilding @ http://localhost:3001/_next/static/chunks/node_modules_next_dist_115brz8._.js:2477
[  479587ms] [LOG] [Fast Refresh] done in 240ms @ http://localhost:3001/_next/static/chunks/node_modules_next_dist_115brz8._.js:2477
[  547755ms] [LOG] [Fast Refresh] rebuilding @ http://localhost:3001/_next/static/chunks/node_modules_next_dist_115brz8._.js:2477
[  547851ms] [LOG] [Fast Refresh] done in 198ms @ http://localhost:3001/_next/static/chunks/node_modules_next_dist_115brz8._.js:2477
[  586410ms] [LOG] [Fast Refresh] rebuilding @ http://localhost:3001/_next/static/chunks/node_modules_next_dist_115brz8._.js:2477
[  589930ms] [LOG] [Fast Refresh] done in 3621ms @ http://localhost:3001/_next/static/chunks/node_modules_next_dist_115brz8._.js:2477
